21:19:16 **** Incremental Build of configuration Debug for project test ****
make all 
'Building file: ../src/main.cpp'
'Invoking: MicroBlaze g++ compiler'
mb-g++ -Wall -O0 -g3 -c -fmessage-length=0 -MT"src/main.o" -IC:/Users/18472/385_xilinx_files/SoC_MicroBlaze/workspacefinal/mb_intro_top/export/mb_intro_top/sw/mb_intro_top/standalone_microblaze_0/bspinclude/include -mno-xl-reorder -mlittle-endian -mxl-barrel-shift -mxl-pattern-compare -mcpu=v11.0 -mno-xl-soft-mul -Wl,--no-relax -ffunction-sections -fdata-sections -MMD -MP -MF"src/main.d" -MT"src/main.o" -o "src/main.o" "../src/main.cpp"
../src/main.cpp: In function 'int main()':
../src/main.cpp:18:13: warning: unused variable 'activations' [-Wunused-variable]
   18 |         int activations[] = {SIGMOID, SIGMOID, SIGMOID}; //Activations for each layer excluding the input layer
      |             ^~~~~~~~~~~
'Finished building: ../src/main.cpp'
' '
'Building target: test.elf'
'Invoking: MicroBlaze g++ linker'
mb-g++ -Wl,-T -Wl,../src/lscript.ld -LC:/Users/18472/385_xilinx_files/SoC_MicroBlaze/workspacefinal/mb_intro_top/export/mb_intro_top/sw/mb_intro_top/standalone_microblaze_0/bsplib/lib -mlittle-endian -mxl-barrel-shift -mxl-pattern-compare -mcpu=v11.0 -mno-xl-soft-mul -Wl,--no-relax -Wl,--gc-sections -o "test.elf"  ./src/MicroFlow.o ./src/main.o ./src/platform.o   -Wl,--start-group,-lxil,-lgcc,-lc,-lstdc++,--end-group
'Finished building target: test.elf'
' '
'Invoking: MicroBlaze Print Size'
mb-size test.elf  |tee "test.elf.size"
   text	   data	    bss	    dec	    hex	filename
  23360	    316	   3108	  26784	   68a0	test.elf
'Finished building: test.elf.size'
' '

21:19:17 Build Finished (took 936ms)

